0 verbose cli /opt/homebrew/Cellar/node/25.8.0/bin/node /opt/homebrew/Cellar/node/25.8.0/libexec/lib/node_modules/npm/bin/npm-cli.js
1 info using npm@11.11.0
2 info using node@v25.8.0
3 silly config load:file:/opt/homebrew/Cellar/node/25.8.0/libexec/lib/node_modules/npm/npmrc
4 silly config load:file:/Users/leinad/Work/htdocs/phk-chatbot/frontend/.npmrc
5 silly config load:file:/Users/leinad/.npmrc
6 silly config load:file:/opt/homebrew/Cellar/node/25.8.0/etc/npmrc
7 verbose title npm exec vite dev --port 5131
8 verbose argv "exec" "--" "vite" "dev" "--port" "5131"
9 verbose logfile logs-max:10 dir:/Users/leinad/Work/htdocs/phk-chatbot/frontend/.cache/npm/_logs/2026-03-12T18_51_43_575Z-
10 verbose logfile /Users/leinad/Work/htdocs/phk-chatbot/frontend/.cache/npm/_logs/2026-03-12T18_51_43_575Z-debug-0.log
11 silly logfile done cleaning log files
12 http fetch GET 200 https://registry.npmjs.org/npm 2024ms
13 verbose cwd /Users/leinad/Work/htdocs/phk-chatbot/frontend
14 verbose os Darwin 25.2.0
15 verbose node v25.8.0
16 verbose npm  v11.11.0
17 notice
17 notice New patch version of npm available! 11.11.0 -> 11.11.1
17 notice Changelog: https://github.com/npm/cli/releases/tag/v11.11.1
17 notice To update run: npm install -g npm@11.11.1
17 notice  { force: true, Symbol(proc-log.meta): true }
18 verbose exit 1
19 verbose code 1
